0
0
0
0
1 9
0
1 32
1 8
0
0
0
1 31
0
0
1 25
0
0
0
0
0
1 3
0
0
0
0
0
0
0
0
0
0
0
1 26
0
0
1 20
0
1 1
0
0
0
1 29
0
0
0
1 19
1 11
0
0
1 7
0
0
0
0
0
0
0
1 15
0
0
0
0
0
0
0
0
0
0
0
0
0
0
1 10
0
0
1 28
0
1 6
0
0
0
0
0
0
0
0
0
0
0
0
0
0
0
2 12 27
1 24
0
0
0
0
0
0
0
0
0
0
0
0
0
0
1 34
0
0
0
0
0
0
0
0
0
0
0
1 13
0
0
0
0
0
0
0
0
0
0
0
0
0
0
1 18
0
0
0
0
0
0
0
0
2 17 22
0
0
1 4
0
0
0
1 2
0
0
0
0
0
0
0
0
0
0
0
0
0
0
1 30
0
0
0
0
0
1 35
0
0
0
0
0
0
0
1 14
0
0
0
0
0
2 16 23
0
0
0
0
0
1 33
0
0
0
0
1 21
0
0
0
1 5
0
0
0
0
0
0
0
0
0
0
0
0
0
0
0
0
0
0
0
